// Vitest Snapshot v1, https://vitest.dev/guide/snapshot.html

exports[`generateBrandThemeVariants 1`] = `
"
// Generated using Make
// DO NOT EDIT

import Foundation

struct O2NewThemeVariants: MisticaThemeVariants {
    var successFeedback: MisticaThemeVariantType = .inverse
    var brandLoadingScreen: MisticaThemeVariantType = .inverse
}
"
`;
