// Vitest Snapshot v1, https://vitest.dev/guide/snapshot.html

exports[`generateMisticaThemeVariants 1`] = `
"
// Generated using Make
// DO NOT EDIT

import Foundation

public protocol MisticaThemeVariants: Sendable {
    var successFeedback: MisticaThemeVariantType { get }
    var brandLoadingScreen: MisticaThemeVariantType { get }
}
"
`;
