// Vitest Snapshot v1, https://vitest.dev/guide/snapshot.html

exports[`generateBrandFontSizes 1`] = `
"
// Generated using Make
// DO NOT EDIT

import Foundation

struct O2NewFontSizes: MisticaFontSizes {
    public var tabsLabel: CGFloat = 16
    public var title2: CGFloat = 20
}
"
`;
