// Vitest Snapshot v1, https://vitest.dev/guide/snapshot.html

exports[`generateMisticaFontSizes 1`] = `
"
// Generated using Make
// DO NOT EDIT

import Foundation

public protocol MisticaFontSizes: Sendable {
    var tabsLabel: CGFloat { get }
    var title2: CGFloat { get }
}
"
`;
