// Vitest Snapshot v1, https://vitest.dev/guide/snapshot.html

exports[`generateBrandCornerRadius 1`] = `
"
// Generated using Make
// DO NOT EDIT

import Foundation

struct O2NewCornerRadius: MisticaCornerRadius {
    var avatar: CGFloat = MisticaRadiusConstants.roundedRadius
    var bar: CGFloat = MisticaRadiusConstants.roundedRadius
    var button: CGFloat = MisticaRadiusConstants.roundedRadius
    var checkbox: CGFloat = 2
    var container: CGFloat = 16
    var indicator: CGFloat = MisticaRadiusConstants.roundedRadius
    var input: CGFloat = 12
    var legacyDisplay: CGFloat = 16
    var popup: CGFloat = 8
    var sheet: CGFloat = 16
    var mediaSmall: CGFloat = 8
}
"
`;
