// Vitest Snapshot v1, https://vitest.dev/guide/snapshot.html

exports[`generateMisticaCornerRadius 1`] = `
"
// Generated using Make
// DO NOT EDIT

import Foundation

public enum MisticaRadiusConstants {
    static let roundedRadius: CGFloat = 999.0
}

public protocol MisticaCornerRadius {
    var avatar: CGFloat { get }
    var bar: CGFloat { get }
    var button: CGFloat { get }
    var checkbox: CGFloat { get }
    var container: CGFloat { get }
    var indicator: CGFloat { get }
    var input: CGFloat { get }
    var legacyDisplay: CGFloat { get }
    var popup: CGFloat { get }
    var sheet: CGFloat { get }
    var mediaSmall: CGFloat { get }
}
"
`;
